// Jest Snapshot v1, https://goo.gl/fbAQLP

exports[`Component: Button should render the button with the correct title 1`] = `
<View
  accessibilityState={
    {
      "busy": undefined,
      "checked": undefined,
      "disabled": undefined,
      "expanded": undefined,
      "selected": undefined,
    }
  }
  accessibilityValue={
    {
      "max": undefined,
      "min": undefined,
      "now": undefined,
      "text": undefined,
    }
  }
  accessible={true}
  collapsable={false}
  focusable={false}
  onClick={[Function]}
  onResponderGrant={[Function]}
  onResponderMove={[Function]}
  onResponderRelease={[Function]}
  onResponderTerminate={[Function]}
  onResponderTerminationRequest={[Function]}
  onStartShouldSetResponder={[Function]}
  style={
    {
      "alignItems": "center",
      "backgroundColor": "#12C2E9",
      "borderBottomLeftRadius": 12,
      "borderBottomRightRadius": 12,
      "borderTopLeftRadius": 12,
      "borderTopRightRadius": 12,
      "height": 93.5,
      "justifyContent": "center",
      "marginBottom": 33.5,
      "maxHeight": 60,
      "maxWidth": 340,
      "opacity": 1,
      "width": 637.5,
    }
  }
>
  <Text
    style={
      {
        "color": "#FFFFFF",
        "fontSize": 34,
      }
    }
    variant="primary"
  >
    Click Me
  </Text>
</View>
`;
